// Jest Snapshot v1, https://goo.gl/fbAQLP

exports[` Accordion should match snapshot when collapsed 1`] = `
.c0 {
  margin: 5px 0;
  background-color: #fff;
  border: 1px solid #1BBDCE;
  border-radius: 6px;
}

<div>
  <div
    class="MuiPaper-root MuiAccordion-root c0 Mui-expanded MuiAccordion-rounded MuiPaper-elevation1 MuiPaper-rounded"
  >
    <div
      aria-disabled="false"
      aria-expanded="true"
      class="MuiButtonBase-root MuiAccordionSummary-root Mui-expanded"
      role="button"
      tabindex="0"
    >
      <div
        class="MuiAccordionSummary-content Mui-expanded"
      />
      <div
        aria-disabled="false"
        aria-hidden="true"
        class="MuiButtonBase-root MuiIconButton-root MuiAccordionSummary-expandIcon Mui-expanded MuiIconButton-edgeEnd"
      >
        <span
          class="MuiIconButton-label"
        >
          <svg
            aria-hidden="true"
            class="MuiSvgIcon-root"
            focusable="false"
            viewBox="0 0 24 24"
          >
            <path
              d="M16.59 8.59L12 13.17 7.41 8.59 6 10l6 6 6-6z"
            />
          </svg>
        </span>
        <span
          class="MuiTouchRipple-root"
        />
      </div>
    </div>
    <div
      class="MuiCollapse-container MuiCollapse-entered"
      style="min-height: 0px;"
    >
      <div
        class="MuiCollapse-wrapper"
      >
        <div
          class="MuiCollapse-wrapperInner"
        >
          <div
            role="region"
          >
            <div
              class="MuiAccordionDetails-root"
            />
          </div>
        </div>
      </div>
    </div>
  </div>
</div>
`;

exports[` Accordion should match snapshot when expanded 1`] = `
.c0 {
  margin: 5px 0;
  background-color: #fff;
  border: 1px solid #1BBDCE;
  border-radius: 6px;
}

<div>
  <div
    class="MuiPaper-root MuiAccordion-root c0 Mui-expanded MuiAccordion-rounded MuiPaper-elevation1 MuiPaper-rounded"
  >
    <div
      aria-disabled="false"
      aria-expanded="true"
      class="MuiButtonBase-root MuiAccordionSummary-root Mui-expanded"
      role="button"
      tabindex="0"
    >
      <div
        class="MuiAccordionSummary-content Mui-expanded"
      />
      <div
        aria-disabled="false"
        aria-hidden="true"
        class="MuiButtonBase-root MuiIconButton-root MuiAccordionSummary-expandIcon Mui-expanded MuiIconButton-edgeEnd"
      >
        <span
          class="MuiIconButton-label"
        >
          <svg
            aria-hidden="true"
            class="MuiSvgIcon-root"
            focusable="false"
            viewBox="0 0 24 24"
          >
            <path
              d="M16.59 8.59L12 13.17 7.41 8.59 6 10l6 6 6-6z"
            />
          </svg>
        </span>
        <span
          class="MuiTouchRipple-root"
        />
      </div>
    </div>
    <div
      class="MuiCollapse-container MuiCollapse-entered"
      style="min-height: 0px;"
    >
      <div
        class="MuiCollapse-wrapper"
      >
        <div
          class="MuiCollapse-wrapperInner"
        >
          <div
            role="region"
          >
            <div
              class="MuiAccordionDetails-root"
            />
          </div>
        </div>
      </div>
    </div>
  </div>
</div>
`;
