// Jest Snapshot v1, https://goo.gl/fbAQLP

exports[` BackButton should match snapshot 1`] = `
.c1 {
  width: 100%;
  font-weight: 550;
  white-space: nowrap;
  background-color: #4E4E4E;
  color: #E3E2E1;
  opacity: 0.7;
  -webkit-transition: color 0.3s ease-in-out,background-color 0.3s ease-in-out;
  transition: color 0.3s ease-in-out,background-color 0.3s ease-in-out;
}

.c1:hover {
  background-color: #1BBDCE;
  color: #102128;
}

.c0 {
  margin-top: 15px;
}

<div>
  <div
    class="c0"
  >
    <button
      class="MuiButtonBase-root MuiButton-root MuiButton-contained c1 MuiButton-containedPrimary"
      tabindex="0"
      type="button"
    >
      <span
        class="MuiButton-label"
      >
        Back
      </span>
      <span
        class="MuiTouchRipple-root"
      />
    </button>
  </div>
</div>
`;
