// Jest Snapshot v1, https://goo.gl/fbAQLP

exports[` DeleteDialog should match snapshot 1`] = `
.c1 {
  color: #555;
  border-color: #555;
  -webkit-transition: color 0.3s ease-in-out,border-color 0.3s ease-in-out;
  transition: color 0.3s ease-in-out,border-color 0.3s ease-in-out;
  font-weight: 550;
  width: 100%;
}

.c1:hover {
  color: #1BBDCE;
  border-color: #1BBDCE;
}

.c0 {
  display: -webkit-box;
  display: -webkit-flex;
  display: -ms-flexbox;
  display: flex;
  -webkit-flex-wrap: wrap;
  -ms-flex-wrap: wrap;
  flex-wrap: wrap;
  -webkit-box-pack: justify;
  -webkit-justify-content: space-between;
  -ms-flex-pack: justify;
  justify-content: space-between;
  width: 100%;
}

@media (max-width:480px) {
  .c0 {
    padding: 0;
  }
}

<body
  style="padding-right: 0px; overflow: hidden;"
>
  <div
    aria-hidden="true"
  />
  <div
    class="MuiDialog-root"
    role="presentation"
    style="position: fixed; z-index: 1300; right: 0px; bottom: 0px; top: 0px; left: 0px;"
  >
    <div
      aria-hidden="true"
      class="MuiBackdrop-root"
      style="opacity: 1; webkit-transition: opacity 225ms cubic-bezier(0.4, 0, 0.2, 1) 0ms; transition: opacity 225ms cubic-bezier(0.4, 0, 0.2, 1) 0ms;"
    />
    <div
      data-test="sentinelStart"
      tabindex="0"
    />
    <div
      class="MuiDialog-container MuiDialog-scrollPaper"
      role="none presentation"
      style="opacity: 1; webkit-transition: opacity 225ms cubic-bezier(0.4, 0, 0.2, 1) 0ms; transition: opacity 225ms cubic-bezier(0.4, 0, 0.2, 1) 0ms;"
      tabindex="-1"
    >
      <div
        aria-labelledby="delete-dialog"
        class="MuiPaper-root MuiDialog-paper MuiDialog-paperScrollPaper MuiDialog-paperWidthSm MuiPaper-elevation24 MuiPaper-rounded"
        role="dialog"
      >
        <div
          class="MuiDialogTitle-root"
          id="'rating-dialogg-title"
        >
          <h2
            class="MuiTypography-root MuiTypography-h6"
          />
        </div>
        <div
          class="MuiDialogContent-root"
        >
          <p
            class="MuiTypography-root MuiDialogContentText-root MuiTypography-body1 MuiTypography-colorTextSecondary"
          />
        </div>
        <div
          class="MuiDialogActions-root MuiDialogActions-spacing"
        >
          <div
            class="c0"
          >
            <button
              class="MuiButtonBase-root MuiButton-root MuiButton-outlined c1 MuiButton-outlinedPrimary"
              style="margin: 5px 0px 0px;"
              tabindex="0"
              type="button"
            >
              <span
                class="MuiButton-label"
              >
                Confirm
              </span>
              <span
                class="MuiTouchRipple-root"
              />
            </button>
            <button
              class="MuiButtonBase-root MuiButton-root MuiButton-outlined c1 MuiButton-outlinedPrimary"
              style="margin: 5px 0px 0px;"
              tabindex="0"
              type="button"
            >
              <span
                class="MuiButton-label"
              >
                Close
              </span>
              <span
                class="MuiTouchRipple-root"
              />
            </button>
          </div>
        </div>
      </div>
    </div>
    <div
      data-test="sentinelEnd"
      tabindex="0"
    />
  </div>
</body>
`;
