// Jest Snapshot v1, https://goo.gl/fbAQLP

exports[` NotFoundPage should match snapshot 1`] = `
.c1 {
  margin: 0;
  padding: 0;
  color: #444;
  font-size: 22px;
  font-weight: bold;
  line-height: 30px;
}

.c0 {
  min-height: calc(100vh - 80px);
  display: -webkit-box;
  display: -webkit-flex;
  display: -ms-flexbox;
  display: flex;
  -webkit-flex-direction: column;
  -ms-flex-direction: column;
  flex-direction: column;
  -webkit-box-pack: justify;
  -webkit-justify-content: space-between;
  -ms-flex-pack: justify;
  justify-content: space-between;
  -webkit-box-pack: center;
  -webkit-justify-content: center;
  -ms-flex-pack: center;
  justify-content: center;
  -webkit-align-items: center;
  -webkit-box-align: center;
  -ms-flex-align: center;
  align-items: center;
}

@media (min-width:1024px) {
  .c1 {
    font-size: 40px;
    -webkit-letter-spacing: -0.4px;
    -moz-letter-spacing: -0.4px;
    -ms-letter-spacing: -0.4px;
    letter-spacing: -0.4px;
    line-height: 40px;
    text-align: center;
  }
}

@media (max-width:769px) {
  .c0 {
    min-height: calc(100vh - 60px);
  }
}

@media (max-width:480px) {
  .c0 {
    min-height: calc(100vh - 50px);
  }
}

<div>
  <div
    class="c0"
  >
    <h2
      class="c1"
    >
      404
    </h2>
    <br />
    <h2
      class="c1"
    >
      Page not found!
    </h2>
  </div>
</div>
`;
