// Jest Snapshot v1, https://goo.gl/fbAQLP

exports[` OvalBoxContainer should match snapshot 1`] = `
.c0 {
  padding: 5px 15px;
  margin: 15px 0;
  -webkit-flex: 1;
  -ms-flex: 1;
  flex: 1;
  display: -webkit-box;
  display: -webkit-flex;
  display: -ms-flexbox;
  display: flex;
  height: auto;
  width: auto;
  max-height: auto;
  max-width: auto;
  background-color: #fff;
  opacity: 1;
  border-radius: 6px;
  box-shadow: 0px 3px 1px -2px rgba(0,0,0,0.2), 0px 2px 2px 0px rgba(0,0,0,0.14),0px 1px 5px 0px rgba(0,0,0,0.12);
}

@media (max-width:769px) {
  .c0 {
    margin: 5px 0;
  }
}

@media (max-width:480px) {
  .c0 {
    padding: 5px 5px;
  }
}

<body>
  <div>
    <div
      class="c0"
    />
  </div>
</body>
`;
