// Jest Snapshot v1, https://goo.gl/fbAQLP

exports[` UnderlinedSubtitle should match snapshot 1`] = `
.c0 {
  width: -webkit-fit-content;
  width: -moz-fit-content;
  width: fit-content;
  display: -webkit-box;
  display: -webkit-flex;
  display: -ms-flexbox;
  display: flex;
  -webkit-box-pack: start;
  -webkit-justify-content: flex-start;
  -ms-flex-pack: start;
  justify-content: flex-start;
  margin-top: 15px;
  opacity: 0.8;
  border-bottom: 2px solid #4E4E4E;
}

@media (max-width:769px) {
  .c0 {
    width: 100%;
    display: -webkit-box;
    display: -webkit-flex;
    display: -ms-flexbox;
    display: flex;
    -webkit-box-pack: center;
    -webkit-justify-content: center;
    -ms-flex-pack: center;
    justify-content: center;
  }
}

<div>
  <div
    class="c0"
  />
</div>
`;
